// Jest Snapshot v1, https://goo.gl/fbAQLP

exports[`integ snapshot validation 1`] = `
Object {
  "Outputs": Object {
    "SSMParameterSSMParameterNameE72178C6": Object {
      "Value": "foo",
    },
    "SSMParameterSSMParameterValue1EC687DF": Object {
      "Value": Object {
        "Fn::GetAtt": Array [
          "SSMParameterGetParameter87105BD3",
          "Parameter.Value",
        ],
      },
    },
    "SSMParameterStringListSSMParameterName0C1DD838": Object {
      "Value": "fooStringList",
    },
    "SSMParameterStringListSSMParameterValue312CABC9": Object {
      "Value": Object {
        "Fn::GetAtt": Array [
          "SSMParameterStringListGetParameter45BCD146",
          "Parameter.Value",
        ],
      },
    },
    "SSMParameterWithDeleteSSMParameterNameFDA77318": Object {
      "Value": "fooWithDelete",
    },
    "SSMParameterWithDeleteSSMParameterValueCE2D01F3": Object {
      "Value": Object {
        "Fn::GetAtt": Array [
          "SSMParameterWithDeleteGetParameter0E9B45EB",
          "Parameter.Value",
        ],
      },
    },
  },
  "Parameters": Object {
    "AssetParameters4a3609ad912843e581892f37ae9d6fb0fa1648b547693aaa562b0119452b8956ArtifactHashD15A2D11": Object {
      "Description": "Artifact hash for asset \\"4a3609ad912843e581892f37ae9d6fb0fa1648b547693aaa562b0119452b8956\\"",
      "Type": "String",
    },
    "AssetParameters4a3609ad912843e581892f37ae9d6fb0fa1648b547693aaa562b0119452b8956S3Bucket72B03BC9": Object {
      "Description": "S3 bucket for asset \\"4a3609ad912843e581892f37ae9d6fb0fa1648b547693aaa562b0119452b8956\\"",
      "Type": "String",
    },
    "AssetParameters4a3609ad912843e581892f37ae9d6fb0fa1648b547693aaa562b0119452b8956S3VersionKey520B7554": Object {
      "Description": "S3 key for asset version \\"4a3609ad912843e581892f37ae9d6fb0fa1648b547693aaa562b0119452b8956\\"",
      "Type": "String",
    },
  },
  "Resources": Object {
    "AWS679f53fac002430cb0da5b7982bd22872D164C4C": Object {
      "DependsOn": Array [
        "SSMParameterputParameterRole2B50B1A7",
      ],
      "Properties": Object {
        "Code": Object {
          "S3Bucket": Object {
            "Ref": "AssetParameters4a3609ad912843e581892f37ae9d6fb0fa1648b547693aaa562b0119452b8956S3Bucket72B03BC9",
          },
          "S3Key": Object {
            "Fn::Join": Array [
              "",
              Array [
                Object {
                  "Fn::Select": Array [
                    0,
                    Object {
                      "Fn::Split": Array [
                        "||",
                        Object {
                          "Ref": "AssetParameters4a3609ad912843e581892f37ae9d6fb0fa1648b547693aaa562b0119452b8956S3VersionKey520B7554",
                        },
                      ],
                    },
                  ],
                },
                Object {
                  "Fn::Select": Array [
                    1,
                    Object {
                      "Fn::Split": Array [
                        "||",
                        Object {
                          "Ref": "AssetParameters4a3609ad912843e581892f37ae9d6fb0fa1648b547693aaa562b0119452b8956S3VersionKey520B7554",
                        },
                      ],
                    },
                  ],
                },
              ],
            ],
          },
        },
        "Handler": "index.handler",
        "Role": Object {
          "Fn::GetAtt": Array [
            "SSMParameterputParameterRole2B50B1A7",
            "Arn",
          ],
        },
        "Runtime": "nodejs12.x",
        "Timeout": 120,
      },
      "Type": "AWS::Lambda::Function",
    },
    "SSMParameterGetParameter87105BD3": Object {
      "DeletionPolicy": "Delete",
      "DependsOn": Array [
        "SSMParameterGetParameterCustomResourcePolicyFF8BAC7F",
        "SSMParameterPutParameterCustomResourcePolicyC208D0A8",
        "SSMParameterPutParameterB85DB239",
      ],
      "Properties": Object {
        "Create": Object {
          "action": "getParameter",
          "parameters": Object {
            "Name": "foo",
          },
          "physicalResourceId": Object {
            "id": "1609214707940",
          },
          "service": "SSM",
        },
        "InstallLatestAwsSdk": true,
        "ServiceToken": Object {
          "Fn::GetAtt": Array [
            "AWS679f53fac002430cb0da5b7982bd22872D164C4C",
            "Arn",
          ],
        },
        "Update": Object {
          "action": "getParameter",
          "parameters": Object {
            "Name": "foo",
          },
          "physicalResourceId": Object {
            "id": "1609214707940",
          },
          "service": "SSM",
        },
      },
      "Type": "Custom::AWS",
      "UpdateReplacePolicy": "Delete",
    },
    "SSMParameterGetParameterCustomResourcePolicyFF8BAC7F": Object {
      "DependsOn": Array [
        "SSMParameterPutParameterCustomResourcePolicyC208D0A8",
        "SSMParameterPutParameterB85DB239",
      ],
      "Properties": Object {
        "PolicyDocument": Object {
          "Statement": Array [
            Object {
              "Action": "ssm:GetParameter",
              "Effect": "Allow",
              "Resource": "*",
            },
          ],
          "Version": "2012-10-17",
        },
        "PolicyName": "SSMParameterGetParameterCustomResourcePolicyFF8BAC7F",
        "Roles": Array [
          Object {
            "Ref": "SSMParameterputParameterRole2B50B1A7",
          },
        ],
      },
      "Type": "AWS::IAM::Policy",
    },
    "SSMParameterPutParameterB85DB239": Object {
      "DeletionPolicy": "Delete",
      "DependsOn": Array [
        "SSMParameterPutParameterCustomResourcePolicyC208D0A8",
      ],
      "Properties": Object {
        "Create": Object {
          "action": "putParameter",
          "ignoreErrorCodesMatching": ".*",
          "parameters": Object {
            "Name": "foo",
            "Type": "String",
            "Value": "fooValue",
          },
          "physicalResourceId": Object {
            "id": "1609214707934",
          },
          "service": "SSM",
        },
        "InstallLatestAwsSdk": true,
        "ServiceToken": Object {
          "Fn::GetAtt": Array [
            "AWS679f53fac002430cb0da5b7982bd22872D164C4C",
            "Arn",
          ],
        },
        "Update": Object {
          "action": "putParameter",
          "ignoreErrorCodesMatching": ".*",
          "parameters": Object {
            "Name": "foo",
            "Type": "String",
            "Value": "fooValue",
          },
          "physicalResourceId": Object {
            "id": "1609214707934",
          },
          "service": "SSM",
        },
      },
      "Type": "Custom::AWS",
      "UpdateReplacePolicy": "Delete",
    },
    "SSMParameterPutParameterCustomResourcePolicyC208D0A8": Object {
      "Properties": Object {
        "PolicyDocument": Object {
          "Statement": Array [
            Object {
              "Action": "ssm:PutParameter",
              "Effect": "Allow",
              "Resource": "*",
            },
          ],
          "Version": "2012-10-17",
        },
        "PolicyName": "SSMParameterPutParameterCustomResourcePolicyC208D0A8",
        "Roles": Array [
          Object {
            "Ref": "SSMParameterputParameterRole2B50B1A7",
          },
        ],
      },
      "Type": "AWS::IAM::Policy",
    },
    "SSMParameterStringListGetParameter45BCD146": Object {
      "DeletionPolicy": "Delete",
      "DependsOn": Array [
        "SSMParameterStringListGetParameterCustomResourcePolicy082C7608",
        "SSMParameterStringListPutParameterCustomResourcePolicyD41B5627",
        "SSMParameterStringListPutParameter337B5715",
      ],
      "Properties": Object {
        "Create": Object {
          "action": "getParameter",
          "parameters": Object {
            "Name": "fooStringList",
          },
          "physicalResourceId": Object {
            "id": "1609214707944",
          },
          "service": "SSM",
        },
        "InstallLatestAwsSdk": true,
        "ServiceToken": Object {
          "Fn::GetAtt": Array [
            "AWS679f53fac002430cb0da5b7982bd22872D164C4C",
            "Arn",
          ],
        },
        "Update": Object {
          "action": "getParameter",
          "parameters": Object {
            "Name": "fooStringList",
          },
          "physicalResourceId": Object {
            "id": "1609214707944",
          },
          "service": "SSM",
        },
      },
      "Type": "Custom::AWS",
      "UpdateReplacePolicy": "Delete",
    },
    "SSMParameterStringListGetParameterCustomResourcePolicy082C7608": Object {
      "DependsOn": Array [
        "SSMParameterStringListPutParameterCustomResourcePolicyD41B5627",
        "SSMParameterStringListPutParameter337B5715",
      ],
      "Properties": Object {
        "PolicyDocument": Object {
          "Statement": Array [
            Object {
              "Action": "ssm:GetParameter",
              "Effect": "Allow",
              "Resource": "*",
            },
          ],
          "Version": "2012-10-17",
        },
        "PolicyName": "SSMParameterStringListGetParameterCustomResourcePolicy082C7608",
        "Roles": Array [
          Object {
            "Ref": "SSMParameterputParameterRole2B50B1A7",
          },
        ],
      },
      "Type": "AWS::IAM::Policy",
    },
    "SSMParameterStringListPutParameter337B5715": Object {
      "DeletionPolicy": "Delete",
      "DependsOn": Array [
        "SSMParameterStringListPutParameterCustomResourcePolicyD41B5627",
      ],
      "Properties": Object {
        "Create": Object {
          "action": "putParameter",
          "ignoreErrorCodesMatching": ".*",
          "parameters": Object {
            "Name": "fooStringList",
            "Type": "StringList",
            "Value": "fooValue1,fooValue2,fooValue3",
          },
          "physicalResourceId": Object {
            "id": "1609214707942",
          },
          "service": "SSM",
        },
        "InstallLatestAwsSdk": true,
        "ServiceToken": Object {
          "Fn::GetAtt": Array [
            "AWS679f53fac002430cb0da5b7982bd22872D164C4C",
            "Arn",
          ],
        },
        "Update": Object {
          "action": "putParameter",
          "ignoreErrorCodesMatching": ".*",
          "parameters": Object {
            "Name": "fooStringList",
            "Type": "StringList",
            "Value": "fooValue1,fooValue2,fooValue3",
          },
          "physicalResourceId": Object {
            "id": "1609214707942",
          },
          "service": "SSM",
        },
      },
      "Type": "Custom::AWS",
      "UpdateReplacePolicy": "Delete",
    },
    "SSMParameterStringListPutParameterCustomResourcePolicyD41B5627": Object {
      "Properties": Object {
        "PolicyDocument": Object {
          "Statement": Array [
            Object {
              "Action": "ssm:PutParameter",
              "Effect": "Allow",
              "Resource": "*",
            },
          ],
          "Version": "2012-10-17",
        },
        "PolicyName": "SSMParameterStringListPutParameterCustomResourcePolicyD41B5627",
        "Roles": Array [
          Object {
            "Ref": "SSMParameterputParameterRole2B50B1A7",
          },
        ],
      },
      "Type": "AWS::IAM::Policy",
    },
    "SSMParameterStringListgetParameterRoleDF2F8D86": Object {
      "Properties": Object {
        "AssumeRolePolicyDocument": Object {
          "Statement": Array [
            Object {
              "Action": "sts:AssumeRole",
              "Effect": "Allow",
              "Principal": Object {
                "Service": "lambda.amazonaws.com",
              },
            },
          ],
          "Version": "2012-10-17",
        },
        "ManagedPolicyArns": Array [
          Object {
            "Fn::Join": Array [
              "",
              Array [
                "arn:",
                Object {
                  "Ref": "AWS::Partition",
                },
                ":iam::aws:policy/service-role/AWSLambdaBasicExecutionRole",
              ],
            ],
          },
          Object {
            "Fn::Join": Array [
              "",
              Array [
                "arn:",
                Object {
                  "Ref": "AWS::Partition",
                },
                ":iam::aws:policy/AmazonSSMReadOnlyAccess",
              ],
            ],
          },
        ],
      },
      "Type": "AWS::IAM::Role",
    },
    "SSMParameterStringListputParameterRole30BEA857": Object {
      "Properties": Object {
        "AssumeRolePolicyDocument": Object {
          "Statement": Array [
            Object {
              "Action": "sts:AssumeRole",
              "Effect": "Allow",
              "Principal": Object {
                "Service": "lambda.amazonaws.com",
              },
            },
          ],
          "Version": "2012-10-17",
        },
        "ManagedPolicyArns": Array [
          Object {
            "Fn::Join": Array [
              "",
              Array [
                "arn:",
                Object {
                  "Ref": "AWS::Partition",
                },
                ":iam::aws:policy/service-role/AWSLambdaBasicExecutionRole",
              ],
            ],
          },
          Object {
            "Fn::Join": Array [
              "",
              Array [
                "arn:",
                Object {
                  "Ref": "AWS::Partition",
                },
                ":iam::aws:policy/AmazonSSMFullAccess",
              ],
            ],
          },
        ],
      },
      "Type": "AWS::IAM::Role",
    },
    "SSMParameterWithDeleteDeleteParameter94D4A32B": Object {
      "DeletionPolicy": "Delete",
      "DependsOn": Array [
        "SSMParameterWithDeleteDeleteParameterCustomResourcePolicy83ADCE36",
      ],
      "Properties": Object {
        "Delete": Object {
          "action": "deleteParameter",
          "parameters": Object {
            "Name": "fooWithDelete",
          },
          "physicalResourceId": Object {
            "id": "1609214707949",
          },
          "service": "SSM",
        },
        "InstallLatestAwsSdk": true,
        "ServiceToken": Object {
          "Fn::GetAtt": Array [
            "AWS679f53fac002430cb0da5b7982bd22872D164C4C",
            "Arn",
          ],
        },
      },
      "Type": "Custom::AWS",
      "UpdateReplacePolicy": "Delete",
    },
    "SSMParameterWithDeleteDeleteParameterCustomResourcePolicy83ADCE36": Object {
      "Properties": Object {
        "PolicyDocument": Object {
          "Statement": Array [
            Object {
              "Action": "ssm:DeleteParameter",
              "Effect": "Allow",
              "Resource": "*",
            },
          ],
          "Version": "2012-10-17",
        },
        "PolicyName": "SSMParameterWithDeleteDeleteParameterCustomResourcePolicy83ADCE36",
        "Roles": Array [
          Object {
            "Ref": "SSMParameterputParameterRole2B50B1A7",
          },
        ],
      },
      "Type": "AWS::IAM::Policy",
    },
    "SSMParameterWithDeleteGetParameter0E9B45EB": Object {
      "DeletionPolicy": "Delete",
      "DependsOn": Array [
        "SSMParameterWithDeleteGetParameterCustomResourcePolicy20BE0C7E",
        "SSMParameterWithDeletePutParameterCustomResourcePolicy55378678",
        "SSMParameterWithDeletePutParameter9793D02F",
      ],
      "Properties": Object {
        "Create": Object {
          "action": "getParameter",
          "parameters": Object {
            "Name": "fooWithDelete",
          },
          "physicalResourceId": Object {
            "id": "1609214707947",
          },
          "service": "SSM",
        },
        "InstallLatestAwsSdk": true,
        "ServiceToken": Object {
          "Fn::GetAtt": Array [
            "AWS679f53fac002430cb0da5b7982bd22872D164C4C",
            "Arn",
          ],
        },
        "Update": Object {
          "action": "getParameter",
          "parameters": Object {
            "Name": "fooWithDelete",
          },
          "physicalResourceId": Object {
            "id": "1609214707947",
          },
          "service": "SSM",
        },
      },
      "Type": "Custom::AWS",
      "UpdateReplacePolicy": "Delete",
    },
    "SSMParameterWithDeleteGetParameterCustomResourcePolicy20BE0C7E": Object {
      "DependsOn": Array [
        "SSMParameterWithDeletePutParameterCustomResourcePolicy55378678",
        "SSMParameterWithDeletePutParameter9793D02F",
      ],
      "Properties": Object {
        "PolicyDocument": Object {
          "Statement": Array [
            Object {
              "Action": "ssm:GetParameter",
              "Effect": "Allow",
              "Resource": "*",
            },
          ],
          "Version": "2012-10-17",
        },
        "PolicyName": "SSMParameterWithDeleteGetParameterCustomResourcePolicy20BE0C7E",
        "Roles": Array [
          Object {
            "Ref": "SSMParameterputParameterRole2B50B1A7",
          },
        ],
      },
      "Type": "AWS::IAM::Policy",
    },
    "SSMParameterWithDeletePutParameter9793D02F": Object {
      "DeletionPolicy": "Delete",
      "DependsOn": Array [
        "SSMParameterWithDeletePutParameterCustomResourcePolicy55378678",
      ],
      "Properties": Object {
        "Create": Object {
          "action": "putParameter",
          "ignoreErrorCodesMatching": ".*",
          "parameters": Object {
            "Name": "fooWithDelete",
            "Type": "String",
            "Value": "fooValue",
          },
          "physicalResourceId": Object {
            "id": "1609214707946",
          },
          "service": "SSM",
        },
        "InstallLatestAwsSdk": true,
        "ServiceToken": Object {
          "Fn::GetAtt": Array [
            "AWS679f53fac002430cb0da5b7982bd22872D164C4C",
            "Arn",
          ],
        },
        "Update": Object {
          "action": "putParameter",
          "ignoreErrorCodesMatching": ".*",
          "parameters": Object {
            "Name": "fooWithDelete",
            "Type": "String",
            "Value": "fooValue",
          },
          "physicalResourceId": Object {
            "id": "1609214707946",
          },
          "service": "SSM",
        },
      },
      "Type": "Custom::AWS",
      "UpdateReplacePolicy": "Delete",
    },
    "SSMParameterWithDeletePutParameterCustomResourcePolicy55378678": Object {
      "Properties": Object {
        "PolicyDocument": Object {
          "Statement": Array [
            Object {
              "Action": "ssm:PutParameter",
              "Effect": "Allow",
              "Resource": "*",
            },
          ],
          "Version": "2012-10-17",
        },
        "PolicyName": "SSMParameterWithDeletePutParameterCustomResourcePolicy55378678",
        "Roles": Array [
          Object {
            "Ref": "SSMParameterputParameterRole2B50B1A7",
          },
        ],
      },
      "Type": "AWS::IAM::Policy",
    },
    "SSMParameterWithDeletedeleteParameterRole6A8369AF": Object {
      "Properties": Object {
        "AssumeRolePolicyDocument": Object {
          "Statement": Array [
            Object {
              "Action": "sts:AssumeRole",
              "Effect": "Allow",
              "Principal": Object {
                "Service": "lambda.amazonaws.com",
              },
            },
          ],
          "Version": "2012-10-17",
        },
        "ManagedPolicyArns": Array [
          Object {
            "Fn::Join": Array [
              "",
              Array [
                "arn:",
                Object {
                  "Ref": "AWS::Partition",
                },
                ":iam::aws:policy/service-role/AWSLambdaBasicExecutionRole",
              ],
            ],
          },
          Object {
            "Fn::Join": Array [
              "",
              Array [
                "arn:",
                Object {
                  "Ref": "AWS::Partition",
                },
                ":iam::aws:policy/AmazonSSMFullAccess",
              ],
            ],
          },
        ],
      },
      "Type": "AWS::IAM::Role",
    },
    "SSMParameterWithDeletegetParameterRole1E84A0AD": Object {
      "Properties": Object {
        "AssumeRolePolicyDocument": Object {
          "Statement": Array [
            Object {
              "Action": "sts:AssumeRole",
              "Effect": "Allow",
              "Principal": Object {
                "Service": "lambda.amazonaws.com",
              },
            },
          ],
          "Version": "2012-10-17",
        },
        "ManagedPolicyArns": Array [
          Object {
            "Fn::Join": Array [
              "",
              Array [
                "arn:",
                Object {
                  "Ref": "AWS::Partition",
                },
                ":iam::aws:policy/service-role/AWSLambdaBasicExecutionRole",
              ],
            ],
          },
          Object {
            "Fn::Join": Array [
              "",
              Array [
                "arn:",
                Object {
                  "Ref": "AWS::Partition",
                },
                ":iam::aws:policy/AmazonSSMReadOnlyAccess",
              ],
            ],
          },
        ],
      },
      "Type": "AWS::IAM::Role",
    },
    "SSMParameterWithDeleteputParameterRole59442651": Object {
      "Properties": Object {
        "AssumeRolePolicyDocument": Object {
          "Statement": Array [
            Object {
              "Action": "sts:AssumeRole",
              "Effect": "Allow",
              "Principal": Object {
                "Service": "lambda.amazonaws.com",
              },
            },
          ],
          "Version": "2012-10-17",
        },
        "ManagedPolicyArns": Array [
          Object {
            "Fn::Join": Array [
              "",
              Array [
                "arn:",
                Object {
                  "Ref": "AWS::Partition",
                },
                ":iam::aws:policy/service-role/AWSLambdaBasicExecutionRole",
              ],
            ],
          },
          Object {
            "Fn::Join": Array [
              "",
              Array [
                "arn:",
                Object {
                  "Ref": "AWS::Partition",
                },
                ":iam::aws:policy/AmazonSSMFullAccess",
              ],
            ],
          },
        ],
      },
      "Type": "AWS::IAM::Role",
    },
    "SSMParametergetParameterRoleA11E0EF3": Object {
      "Properties": Object {
        "AssumeRolePolicyDocument": Object {
          "Statement": Array [
            Object {
              "Action": "sts:AssumeRole",
              "Effect": "Allow",
              "Principal": Object {
                "Service": "lambda.amazonaws.com",
              },
            },
          ],
          "Version": "2012-10-17",
        },
        "ManagedPolicyArns": Array [
          Object {
            "Fn::Join": Array [
              "",
              Array [
                "arn:",
                Object {
                  "Ref": "AWS::Partition",
                },
                ":iam::aws:policy/service-role/AWSLambdaBasicExecutionRole",
              ],
            ],
          },
          Object {
            "Fn::Join": Array [
              "",
              Array [
                "arn:",
                Object {
                  "Ref": "AWS::Partition",
                },
                ":iam::aws:policy/AmazonSSMReadOnlyAccess",
              ],
            ],
          },
        ],
      },
      "Type": "AWS::IAM::Role",
    },
    "SSMParameterputParameterRole2B50B1A7": Object {
      "Properties": Object {
        "AssumeRolePolicyDocument": Object {
          "Statement": Array [
            Object {
              "Action": "sts:AssumeRole",
              "Effect": "Allow",
              "Principal": Object {
                "Service": "lambda.amazonaws.com",
              },
            },
          ],
          "Version": "2012-10-17",
        },
        "ManagedPolicyArns": Array [
          Object {
            "Fn::Join": Array [
              "",
              Array [
                "arn:",
                Object {
                  "Ref": "AWS::Partition",
                },
                ":iam::aws:policy/service-role/AWSLambdaBasicExecutionRole",
              ],
            ],
          },
          Object {
            "Fn::Join": Array [
              "",
              Array [
                "arn:",
                Object {
                  "Ref": "AWS::Partition",
                },
                ":iam::aws:policy/AmazonSSMFullAccess",
              ],
            ],
          },
        ],
      },
      "Type": "AWS::IAM::Role",
    },
  },
}
`;
