// Jest Snapshot v1, https://goo.gl/fbAQLP

exports[`integ snapshot validation 1`] = `
Object {
  "Outputs": Object {
    "SSMParameterBFAB4F80": Object {
      "Value": Object {
        "Fn::GetAtt": Array [
          "SSMParameterGetParameter87105BD3",
          "Parameter.Value",
        ],
      },
    },
  },
  "Parameters": Object {
    "AssetParameters4a3609ad912843e581892f37ae9d6fb0fa1648b547693aaa562b0119452b8956ArtifactHashD15A2D11": Object {
      "Description": "Artifact hash for asset \\"4a3609ad912843e581892f37ae9d6fb0fa1648b547693aaa562b0119452b8956\\"",
      "Type": "String",
    },
    "AssetParameters4a3609ad912843e581892f37ae9d6fb0fa1648b547693aaa562b0119452b8956S3Bucket72B03BC9": Object {
      "Description": "S3 bucket for asset \\"4a3609ad912843e581892f37ae9d6fb0fa1648b547693aaa562b0119452b8956\\"",
      "Type": "String",
    },
    "AssetParameters4a3609ad912843e581892f37ae9d6fb0fa1648b547693aaa562b0119452b8956S3VersionKey520B7554": Object {
      "Description": "S3 key for asset version \\"4a3609ad912843e581892f37ae9d6fb0fa1648b547693aaa562b0119452b8956\\"",
      "Type": "String",
    },
  },
  "Resources": Object {
    "AWS679f53fac002430cb0da5b7982bd22872D164C4C": Object {
      "DependsOn": Array [
        "AWS679f53fac002430cb0da5b7982bd2287ServiceRoleC1EA0FF2",
      ],
      "Properties": Object {
        "Code": Object {
          "S3Bucket": Object {
            "Ref": "AssetParameters4a3609ad912843e581892f37ae9d6fb0fa1648b547693aaa562b0119452b8956S3Bucket72B03BC9",
          },
          "S3Key": Object {
            "Fn::Join": Array [
              "",
              Array [
                Object {
                  "Fn::Select": Array [
                    0,
                    Object {
                      "Fn::Split": Array [
                        "||",
                        Object {
                          "Ref": "AssetParameters4a3609ad912843e581892f37ae9d6fb0fa1648b547693aaa562b0119452b8956S3VersionKey520B7554",
                        },
                      ],
                    },
                  ],
                },
                Object {
                  "Fn::Select": Array [
                    1,
                    Object {
                      "Fn::Split": Array [
                        "||",
                        Object {
                          "Ref": "AssetParameters4a3609ad912843e581892f37ae9d6fb0fa1648b547693aaa562b0119452b8956S3VersionKey520B7554",
                        },
                      ],
                    },
                  ],
                },
              ],
            ],
          },
        },
        "Handler": "index.handler",
        "Role": Object {
          "Fn::GetAtt": Array [
            "AWS679f53fac002430cb0da5b7982bd2287ServiceRoleC1EA0FF2",
            "Arn",
          ],
        },
        "Runtime": "nodejs12.x",
        "Timeout": 120,
      },
      "Type": "AWS::Lambda::Function",
    },
    "AWS679f53fac002430cb0da5b7982bd2287ServiceRoleC1EA0FF2": Object {
      "Properties": Object {
        "AssumeRolePolicyDocument": Object {
          "Statement": Array [
            Object {
              "Action": "sts:AssumeRole",
              "Effect": "Allow",
              "Principal": Object {
                "Service": "lambda.amazonaws.com",
              },
            },
          ],
          "Version": "2012-10-17",
        },
        "ManagedPolicyArns": Array [
          Object {
            "Fn::Join": Array [
              "",
              Array [
                "arn:",
                Object {
                  "Ref": "AWS::Partition",
                },
                ":iam::aws:policy/service-role/AWSLambdaBasicExecutionRole",
              ],
            ],
          },
        ],
      },
      "Type": "AWS::IAM::Role",
    },
    "SSMParameterGetParameter87105BD3": Object {
      "DeletionPolicy": "Delete",
      "DependsOn": Array [
        "SSMParameterGetParameterCustomResourcePolicyFF8BAC7F",
      ],
      "Properties": Object {
        "Create": Object {
          "action": "getParameter",
          "parameters": Object {
            "Name": "foo",
            "WithDecryption": "TRUE:BOOLEAN",
          },
          "physicalResourceId": Object {
            "id": "1608622870140",
          },
          "service": "SSM",
        },
        "InstallLatestAwsSdk": true,
        "ServiceToken": Object {
          "Fn::GetAtt": Array [
            "AWS679f53fac002430cb0da5b7982bd22872D164C4C",
            "Arn",
          ],
        },
        "Update": Object {
          "action": "getParameter",
          "parameters": Object {
            "Name": "foo",
            "WithDecryption": "TRUE:BOOLEAN",
          },
          "physicalResourceId": Object {
            "id": "1608622870140",
          },
          "service": "SSM",
        },
      },
      "Type": "Custom::AWS",
      "UpdateReplacePolicy": "Delete",
    },
    "SSMParameterGetParameterCustomResourcePolicyFF8BAC7F": Object {
      "Properties": Object {
        "PolicyDocument": Object {
          "Statement": Array [
            Object {
              "Action": "ssm:GetParameter",
              "Effect": "Allow",
              "Resource": "*",
            },
          ],
          "Version": "2012-10-17",
        },
        "PolicyName": "SSMParameterGetParameterCustomResourcePolicyFF8BAC7F",
        "Roles": Array [
          Object {
            "Ref": "AWS679f53fac002430cb0da5b7982bd2287ServiceRoleC1EA0FF2",
          },
        ],
      },
      "Type": "AWS::IAM::Policy",
    },
    "SSMParameterPutParameterB85DB239": Object {
      "DeletionPolicy": "Delete",
      "DependsOn": Array [
        "SSMParameterPutParameterCustomResourcePolicyC208D0A8",
      ],
      "Properties": Object {
        "Create": Object {
          "action": "putParameter",
          "parameters": Object {
            "Name": "foo",
            "Value": "fooValue",
          },
          "physicalResourceId": Object {
            "id": "1608622870157",
          },
          "service": "SSM",
        },
        "InstallLatestAwsSdk": true,
        "ServiceToken": Object {
          "Fn::GetAtt": Array [
            "AWS679f53fac002430cb0da5b7982bd22872D164C4C",
            "Arn",
          ],
        },
        "Update": Object {
          "action": "putParameter",
          "parameters": Object {
            "Name": "foo",
            "Value": "fooValue",
          },
          "physicalResourceId": Object {
            "id": "1608622870157",
          },
          "service": "SSM",
        },
      },
      "Type": "Custom::AWS",
      "UpdateReplacePolicy": "Delete",
    },
    "SSMParameterPutParameterCustomResourcePolicyC208D0A8": Object {
      "Properties": Object {
        "PolicyDocument": Object {
          "Statement": Array [
            Object {
              "Action": "ssm:PutParameter",
              "Effect": "Allow",
              "Resource": "*",
            },
          ],
          "Version": "2012-10-17",
        },
        "PolicyName": "SSMParameterPutParameterCustomResourcePolicyC208D0A8",
        "Roles": Array [
          Object {
            "Ref": "AWS679f53fac002430cb0da5b7982bd2287ServiceRoleC1EA0FF2",
          },
        ],
      },
      "Type": "AWS::IAM::Policy",
    },
  },
}
`;
