// Jest Snapshot v1, https://goo.gl/fbAQLP

exports[`integ snapshot validation 1`] = `
Object {
  "Outputs": Object {
    "SSMParameterStringListSSMParameterName0C1DD838": Object {
      "Value": "fooStringList",
    },
    "SSMParameterStringListSSMParameterValue312CABC9": Object {
      "Value": Object {
        "Fn::GetAtt": Array [
          "SSMParameterStringListGetParameter45BCD146",
          "Parameter.Value",
        ],
      },
    },
    "SSMParameterStringSSMParameterNameD2691D23": Object {
      "Value": "foo",
    },
    "SSMParameterStringSSMParameterValueE874744E": Object {
      "Value": Object {
        "Fn::GetAtt": Array [
          "SSMParameterStringGetParameterFE7A2804",
          "Parameter.Value",
        ],
      },
    },
  },
  "Parameters": Object {
    "AssetParameters4a3609ad912843e581892f37ae9d6fb0fa1648b547693aaa562b0119452b8956ArtifactHashD15A2D11": Object {
      "Description": "Artifact hash for asset \\"4a3609ad912843e581892f37ae9d6fb0fa1648b547693aaa562b0119452b8956\\"",
      "Type": "String",
    },
    "AssetParameters4a3609ad912843e581892f37ae9d6fb0fa1648b547693aaa562b0119452b8956S3Bucket72B03BC9": Object {
      "Description": "S3 bucket for asset \\"4a3609ad912843e581892f37ae9d6fb0fa1648b547693aaa562b0119452b8956\\"",
      "Type": "String",
    },
    "AssetParameters4a3609ad912843e581892f37ae9d6fb0fa1648b547693aaa562b0119452b8956S3VersionKey520B7554": Object {
      "Description": "S3 key for asset version \\"4a3609ad912843e581892f37ae9d6fb0fa1648b547693aaa562b0119452b8956\\"",
      "Type": "String",
    },
  },
  "Resources": Object {
    "AWS679f53fac002430cb0da5b7982bd22872D164C4C": Object {
      "DependsOn": Array [
        "SSMParameterStringputParameterRoleC54E929E",
      ],
      "Properties": Object {
        "Code": Object {
          "S3Bucket": Object {
            "Ref": "AssetParameters4a3609ad912843e581892f37ae9d6fb0fa1648b547693aaa562b0119452b8956S3Bucket72B03BC9",
          },
          "S3Key": Object {
            "Fn::Join": Array [
              "",
              Array [
                Object {
                  "Fn::Select": Array [
                    0,
                    Object {
                      "Fn::Split": Array [
                        "||",
                        Object {
                          "Ref": "AssetParameters4a3609ad912843e581892f37ae9d6fb0fa1648b547693aaa562b0119452b8956S3VersionKey520B7554",
                        },
                      ],
                    },
                  ],
                },
                Object {
                  "Fn::Select": Array [
                    1,
                    Object {
                      "Fn::Split": Array [
                        "||",
                        Object {
                          "Ref": "AssetParameters4a3609ad912843e581892f37ae9d6fb0fa1648b547693aaa562b0119452b8956S3VersionKey520B7554",
                        },
                      ],
                    },
                  ],
                },
              ],
            ],
          },
        },
        "Handler": "index.handler",
        "Role": Object {
          "Fn::GetAtt": Array [
            "SSMParameterStringputParameterRoleC54E929E",
            "Arn",
          ],
        },
        "Runtime": "nodejs12.x",
        "Timeout": 120,
      },
      "Type": "AWS::Lambda::Function",
    },
    "SSMParameterStringGetParameterCustomResourcePolicy2B8E864C": Object {
      "DependsOn": Array [
        "SSMParameterStringPutParameterCustomResourcePolicy6A73292E",
        "SSMParameterStringPutParameter1B7566F8",
      ],
      "Properties": Object {
        "PolicyDocument": Object {
          "Statement": Array [
            Object {
              "Action": "ssm:GetParameter",
              "Effect": "Allow",
              "Resource": "*",
            },
          ],
          "Version": "2012-10-17",
        },
        "PolicyName": "SSMParameterStringGetParameterCustomResourcePolicy2B8E864C",
        "Roles": Array [
          Object {
            "Ref": "SSMParameterStringputParameterRoleC54E929E",
          },
        ],
      },
      "Type": "AWS::IAM::Policy",
    },
    "SSMParameterStringGetParameterFE7A2804": Object {
      "DeletionPolicy": "Delete",
      "DependsOn": Array [
        "SSMParameterStringGetParameterCustomResourcePolicy2B8E864C",
        "SSMParameterStringPutParameterCustomResourcePolicy6A73292E",
        "SSMParameterStringPutParameter1B7566F8",
      ],
      "Properties": Object {
        "Create": Object {
          "action": "getParameter",
          "parameters": Object {
            "Name": "foo",
          },
          "physicalResourceId": Object {
            "id": "1608887212956",
          },
          "service": "SSM",
        },
        "InstallLatestAwsSdk": true,
        "ServiceToken": Object {
          "Fn::GetAtt": Array [
            "AWS679f53fac002430cb0da5b7982bd22872D164C4C",
            "Arn",
          ],
        },
        "Update": Object {
          "action": "getParameter",
          "parameters": Object {
            "Name": "foo",
          },
          "physicalResourceId": Object {
            "id": "1608887212956",
          },
          "service": "SSM",
        },
      },
      "Type": "Custom::AWS",
      "UpdateReplacePolicy": "Delete",
    },
    "SSMParameterStringListGetParameter45BCD146": Object {
      "DeletionPolicy": "Delete",
      "DependsOn": Array [
        "SSMParameterStringListGetParameterCustomResourcePolicy082C7608",
        "SSMParameterStringListPutParameterCustomResourcePolicyD41B5627",
        "SSMParameterStringListPutParameter337B5715",
      ],
      "Properties": Object {
        "Create": Object {
          "action": "getParameter",
          "parameters": Object {
            "Name": "fooStringList",
          },
          "physicalResourceId": Object {
            "id": "1608887212960",
          },
          "service": "SSM",
        },
        "InstallLatestAwsSdk": true,
        "ServiceToken": Object {
          "Fn::GetAtt": Array [
            "AWS679f53fac002430cb0da5b7982bd22872D164C4C",
            "Arn",
          ],
        },
        "Update": Object {
          "action": "getParameter",
          "parameters": Object {
            "Name": "fooStringList",
          },
          "physicalResourceId": Object {
            "id": "1608887212960",
          },
          "service": "SSM",
        },
      },
      "Type": "Custom::AWS",
      "UpdateReplacePolicy": "Delete",
    },
    "SSMParameterStringListGetParameterCustomResourcePolicy082C7608": Object {
      "DependsOn": Array [
        "SSMParameterStringListPutParameterCustomResourcePolicyD41B5627",
        "SSMParameterStringListPutParameter337B5715",
      ],
      "Properties": Object {
        "PolicyDocument": Object {
          "Statement": Array [
            Object {
              "Action": "ssm:GetParameter",
              "Effect": "Allow",
              "Resource": "*",
            },
          ],
          "Version": "2012-10-17",
        },
        "PolicyName": "SSMParameterStringListGetParameterCustomResourcePolicy082C7608",
        "Roles": Array [
          Object {
            "Ref": "SSMParameterStringputParameterRoleC54E929E",
          },
        ],
      },
      "Type": "AWS::IAM::Policy",
    },
    "SSMParameterStringListPutParameter337B5715": Object {
      "DeletionPolicy": "Delete",
      "DependsOn": Array [
        "SSMParameterStringListPutParameterCustomResourcePolicyD41B5627",
      ],
      "Properties": Object {
        "Create": Object {
          "action": "putParameter",
          "ignoreErrorCodesMatching": ".*",
          "parameters": Object {
            "Name": "fooStringList",
            "Type": "StringList",
            "Value": "fooValue1,fooValue2,fooValue3",
          },
          "physicalResourceId": Object {
            "id": "1608887212958",
          },
          "service": "SSM",
        },
        "InstallLatestAwsSdk": true,
        "ServiceToken": Object {
          "Fn::GetAtt": Array [
            "AWS679f53fac002430cb0da5b7982bd22872D164C4C",
            "Arn",
          ],
        },
        "Update": Object {
          "action": "putParameter",
          "ignoreErrorCodesMatching": ".*",
          "parameters": Object {
            "Name": "fooStringList",
            "Type": "StringList",
            "Value": "fooValue1,fooValue2,fooValue3",
          },
          "physicalResourceId": Object {
            "id": "1608887212958",
          },
          "service": "SSM",
        },
      },
      "Type": "Custom::AWS",
      "UpdateReplacePolicy": "Delete",
    },
    "SSMParameterStringListPutParameterCustomResourcePolicyD41B5627": Object {
      "Properties": Object {
        "PolicyDocument": Object {
          "Statement": Array [
            Object {
              "Action": "ssm:PutParameter",
              "Effect": "Allow",
              "Resource": "*",
            },
          ],
          "Version": "2012-10-17",
        },
        "PolicyName": "SSMParameterStringListPutParameterCustomResourcePolicyD41B5627",
        "Roles": Array [
          Object {
            "Ref": "SSMParameterStringputParameterRoleC54E929E",
          },
        ],
      },
      "Type": "AWS::IAM::Policy",
    },
    "SSMParameterStringListgetParameterRoleDF2F8D86": Object {
      "Properties": Object {
        "AssumeRolePolicyDocument": Object {
          "Statement": Array [
            Object {
              "Action": "sts:AssumeRole",
              "Effect": "Allow",
              "Principal": Object {
                "Service": "lambda.amazonaws.com",
              },
            },
          ],
          "Version": "2012-10-17",
        },
        "ManagedPolicyArns": Array [
          Object {
            "Fn::Join": Array [
              "",
              Array [
                "arn:",
                Object {
                  "Ref": "AWS::Partition",
                },
                ":iam::aws:policy/service-role/AWSLambdaBasicExecutionRole",
              ],
            ],
          },
          Object {
            "Fn::Join": Array [
              "",
              Array [
                "arn:",
                Object {
                  "Ref": "AWS::Partition",
                },
                ":iam::aws:policy/AmazonSSMReadOnlyAccess",
              ],
            ],
          },
        ],
      },
      "Type": "AWS::IAM::Role",
    },
    "SSMParameterStringListputParameterRole30BEA857": Object {
      "Properties": Object {
        "AssumeRolePolicyDocument": Object {
          "Statement": Array [
            Object {
              "Action": "sts:AssumeRole",
              "Effect": "Allow",
              "Principal": Object {
                "Service": "lambda.amazonaws.com",
              },
            },
          ],
          "Version": "2012-10-17",
        },
        "ManagedPolicyArns": Array [
          Object {
            "Fn::Join": Array [
              "",
              Array [
                "arn:",
                Object {
                  "Ref": "AWS::Partition",
                },
                ":iam::aws:policy/service-role/AWSLambdaBasicExecutionRole",
              ],
            ],
          },
          Object {
            "Fn::Join": Array [
              "",
              Array [
                "arn:",
                Object {
                  "Ref": "AWS::Partition",
                },
                ":iam::aws:policy/AmazonSSMFullAccess",
              ],
            ],
          },
        ],
      },
      "Type": "AWS::IAM::Role",
    },
    "SSMParameterStringPutParameter1B7566F8": Object {
      "DeletionPolicy": "Delete",
      "DependsOn": Array [
        "SSMParameterStringPutParameterCustomResourcePolicy6A73292E",
      ],
      "Properties": Object {
        "Create": Object {
          "action": "putParameter",
          "ignoreErrorCodesMatching": ".*",
          "parameters": Object {
            "Name": "foo",
            "Type": "String",
            "Value": "fooValue1",
          },
          "physicalResourceId": Object {
            "id": "1608887212944",
          },
          "service": "SSM",
        },
        "InstallLatestAwsSdk": true,
        "ServiceToken": Object {
          "Fn::GetAtt": Array [
            "AWS679f53fac002430cb0da5b7982bd22872D164C4C",
            "Arn",
          ],
        },
        "Update": Object {
          "action": "putParameter",
          "ignoreErrorCodesMatching": ".*",
          "parameters": Object {
            "Name": "foo",
            "Type": "String",
            "Value": "fooValue1",
          },
          "physicalResourceId": Object {
            "id": "1608887212944",
          },
          "service": "SSM",
        },
      },
      "Type": "Custom::AWS",
      "UpdateReplacePolicy": "Delete",
    },
    "SSMParameterStringPutParameterCustomResourcePolicy6A73292E": Object {
      "Properties": Object {
        "PolicyDocument": Object {
          "Statement": Array [
            Object {
              "Action": "ssm:PutParameter",
              "Effect": "Allow",
              "Resource": "*",
            },
          ],
          "Version": "2012-10-17",
        },
        "PolicyName": "SSMParameterStringPutParameterCustomResourcePolicy6A73292E",
        "Roles": Array [
          Object {
            "Ref": "SSMParameterStringputParameterRoleC54E929E",
          },
        ],
      },
      "Type": "AWS::IAM::Policy",
    },
    "SSMParameterStringgetParameterRole88ACE93A": Object {
      "Properties": Object {
        "AssumeRolePolicyDocument": Object {
          "Statement": Array [
            Object {
              "Action": "sts:AssumeRole",
              "Effect": "Allow",
              "Principal": Object {
                "Service": "lambda.amazonaws.com",
              },
            },
          ],
          "Version": "2012-10-17",
        },
        "ManagedPolicyArns": Array [
          Object {
            "Fn::Join": Array [
              "",
              Array [
                "arn:",
                Object {
                  "Ref": "AWS::Partition",
                },
                ":iam::aws:policy/service-role/AWSLambdaBasicExecutionRole",
              ],
            ],
          },
          Object {
            "Fn::Join": Array [
              "",
              Array [
                "arn:",
                Object {
                  "Ref": "AWS::Partition",
                },
                ":iam::aws:policy/AmazonSSMReadOnlyAccess",
              ],
            ],
          },
        ],
      },
      "Type": "AWS::IAM::Role",
    },
    "SSMParameterStringputParameterRoleC54E929E": Object {
      "Properties": Object {
        "AssumeRolePolicyDocument": Object {
          "Statement": Array [
            Object {
              "Action": "sts:AssumeRole",
              "Effect": "Allow",
              "Principal": Object {
                "Service": "lambda.amazonaws.com",
              },
            },
          ],
          "Version": "2012-10-17",
        },
        "ManagedPolicyArns": Array [
          Object {
            "Fn::Join": Array [
              "",
              Array [
                "arn:",
                Object {
                  "Ref": "AWS::Partition",
                },
                ":iam::aws:policy/service-role/AWSLambdaBasicExecutionRole",
              ],
            ],
          },
          Object {
            "Fn::Join": Array [
              "",
              Array [
                "arn:",
                Object {
                  "Ref": "AWS::Partition",
                },
                ":iam::aws:policy/AmazonSSMFullAccess",
              ],
            ],
          },
        ],
      },
      "Type": "AWS::IAM::Role",
    },
  },
}
`;
